[2026-10-07 20:06:10:618964] (C:/VSCode/Component/ComponentPHP/App/Config/DatabaseConfig.php:26) | Pre boot database config
[2026-10-07 20:06:10:619281] (C:/VSCode/Component/ComponentPHP/Core/Kernel.php:46) | Booting kernel (a5f98423)
[2026-10-07 20:06:10:620168] (C:/VSCode/Component/ComponentPHP/Core/Routing/Services/RoutingService.php:125) | Routing '/songs/upload'
[2026-10-07 20:06:10:622039] (C:/VSCode/Component/ComponentPHP/Core/Kernel.php:83) | Shutting down (a5f98423)
[2026-10-07 20:06:10:802853] (C:/VSCode/Component/ComponentPHP/App/Config/DatabaseConfig.php:26) | Pre boot database config
[2026-10-07 20:06:10:803156] (C:/VSCode/Component/ComponentPHP/Core/Kernel.php:46) | Booting kernel (075cd136)
[2026-10-07 20:06:10:804000] (C:/VSCode/Component/ComponentPHP/Core/Routing/Services/RoutingService.php:125) | Routing '/songs/upload'
[2026-10-07 20:06:10:805680] (C:/VSCode/Component/ComponentPHP/Core/Kernel.php:83) | Shutting down (075cd136)
[2026-10-07 20:06:11:120141] (C:/VSCode/Component/ComponentPHP/App/Config/DatabaseConfig.php:26) | Pre boot database config
[2026-10-07 20:06:11:120430] (C:/VSCode/Component/ComponentPHP/Core/Kernel.php:46) | Booting kernel (d420df54)
[2026-10-07 20:06:11:121143] (C:/VSCode/Component/ComponentPHP/Core/Routing/Services/RoutingService.php:125) | Routing '/songs/upload'
[2026-10-07 20:06:11:122814] (C:/VSCode/Component/ComponentPHP/Core/Kernel.php:83) | Shutting down (d420df54)
[2026-10-07 20:10:06:428491] (C:/VSCode/Component/ComponentPHP/App/Config/DatabaseConfig.php:26) | Pre boot database config
[2026-10-07 20:10:06:428997] (C:/VSCode/Component/ComponentPHP/Core/Kernel.php:46) | Booting kernel (a3869772)
[2026-10-07 20:10:06:430330] (C:/VSCode/Component/ComponentPHP/Core/Routing/Services/RoutingService.php:125) | Routing '/songs/upload'
[2026-10-07 20:10:06:433085] (C:/VSCode/Component/ComponentPHP/Core/Kernel.php:83) | Shutting down (a3869772)
[2026-10-07 20:10:06:477929] (C:/VSCode/Component/ComponentPHP/App/Config/DatabaseConfig.php:26) | Pre boot database config
[2026-10-07 20:10:06:478277] (C:/VSCode/Component/ComponentPHP/Core/Kernel.php:46) | Booting kernel (65123367)
[2026-10-07 20:10:06:479812] (C:/VSCode/Component/ComponentPHP/Core/Kernel.php:83) | Shutting down (65123367)
[2026-10-07 20:10:44:307668] (C:/VSCode/Component/ComponentPHP/App/Config/DatabaseConfig.php:26) | Pre boot database config
[2026-10-07 20:10:44:308030] (C:/VSCode/Component/ComponentPHP/Core/Kernel.php:46) | Booting kernel (fc70d00e)
[2026-10-07 20:10:44:309306] (C:/VSCode/Component/ComponentPHP/Core/Routing/Services/RoutingService.php:125) | Routing '/songs/upload'
[2026-10-07 20:10:44:311404] (C:/VSCode/Component/ComponentPHP/Core/Kernel.php:83) | Shutting down (fc70d00e)
[2026-10-07 20:11:36:273993] (C:/VSCode/Component/ComponentPHP/App/Config/DatabaseConfig.php:26) | Pre boot database config
[2026-10-07 20:11:36:274309] (C:/VSCode/Component/ComponentPHP/Core/Kernel.php:46) | Booting kernel (47d72d2e)
[2026-10-07 20:11:36:275154] (C:/VSCode/Component/ComponentPHP/Core/Routing/Services/RoutingService.php:125) | Routing '/songs'
[2026-10-07 20:11:36:277219] (C:/VSCode/Component/ComponentPHP/Core/Kernel.php:83) | Shutting down (47d72d2e)
[2026-10-07 20:13:09:146326] (C:/VSCode/Component/ComponentPHP/App/Config/DatabaseConfig.php:26) | Pre boot database config
[2026-10-07 20:13:09:146892] (C:/VSCode/Component/ComponentPHP/Core/Kernel.php:46) | Booting kernel (49e2b58b)
[2026-10-07 20:13:09:148177] (C:/VSCode/Component/ComponentPHP/Core/Routing/Services/RoutingService.php:125) | Routing '/songs/upload'
[2026-10-07 20:13:09:150793] (C:/VSCode/Component/ComponentPHP/Core/Kernel.php:83) | Shutting down (49e2b58b)
[2026-10-07 20:13:09:191975] (C:/VSCode/Component/ComponentPHP/App/Config/DatabaseConfig.php:26) | Pre boot database config
[2026-10-07 20:13:09:192405] (C:/VSCode/Component/ComponentPHP/Core/Kernel.php:46) | Booting kernel (28cb5e21)
[2026-10-07 20:13:09:194123] (C:/VSCode/Component/ComponentPHP/Core/Kernel.php:83) | Shutting down (28cb5e21)
[2026-10-07 20:13:25:335379] (C:/VSCode/Component/ComponentPHP/App/Config/DatabaseConfig.php:26) | Pre boot database config
[2026-10-07 20:13:25:335795] (C:/VSCode/Component/ComponentPHP/Core/Kernel.php:46) | Booting kernel (3b31d769)
[2026-10-07 20:13:25:336735] (C:/VSCode/Component/ComponentPHP/Core/Routing/Services/RoutingService.php:125) | Routing '/songs/upload'
[2026-10-07 20:13:25:354058] (C:/VSCode/Component/ComponentPHP/Core/Kernel.php:83) | Shutting down (3b31d769)
[2026-10-07 20:13:27:510898] (C:/VSCode/Component/ComponentPHP/App/Config/DatabaseConfig.php:26) | Pre boot database config
[2026-10-07 20:13:27:511411] (C:/VSCode/Component/ComponentPHP/Core/Kernel.php:46) | Booting kernel (bec86aed)
[2026-10-07 20:13:27:512128] (C:/VSCode/Component/ComponentPHP/Core/Routing/Services/RoutingService.php:125) | Routing '/songs'
[2026-10-07 20:13:27:524743] (C:/VSCode/Component/ComponentPHP/Core/Kernel.php:83) | Shutting down (bec86aed)
[2026-10-07 20:15:07:988908] (C:/VSCode/Component/ComponentPHP/App/Config/DatabaseConfig.php:26) | Pre boot database config
[2026-10-07 20:15:07:989240] (C:/VSCode/Component/ComponentPHP/Core/Kernel.php:46) | Booting kernel (a8e18850)
[2026-10-07 20:15:07:990076] (C:/VSCode/Component/ComponentPHP/Core/Routing/Services/RoutingService.php:125) | Routing '/songs'
[2026-10-07 20:15:07:992129] (C:/VSCode/Component/ComponentPHP/Core/Kernel.php:83) | Shutting down (a8e18850)
[2026-10-07 20:15:08:849981] (C:/VSCode/Component/ComponentPHP/App/Config/DatabaseConfig.php:26) | Pre boot database config
[2026-10-07 20:15:08:850283] (C:/VSCode/Component/ComponentPHP/Core/Kernel.php:46) | Booting kernel (adc7b3a7)
[2026-10-07 20:15:08:850984] (C:/VSCode/Component/ComponentPHP/Core/Routing/Services/RoutingService.php:125) | Routing '/songs/upload'
[2026-10-07 20:15:08:852578] (C:/VSCode/Component/ComponentPHP/Core/Kernel.php:83) | Shutting down (adc7b3a7)
[2026-10-07 20:15:19:158852] (C:/VSCode/Component/ComponentPHP/App/Config/DatabaseConfig.php:26) | Pre boot database config
[2026-10-07 20:15:19:159375] (C:/VSCode/Component/ComponentPHP/Core/Kernel.php:46) | Booting kernel (ec8db291)
[2026-10-07 20:15:19:160577] (C:/VSCode/Component/ComponentPHP/Core/Routing/Services/RoutingService.php:125) | Routing '/songs/upload'
[2026-10-07 20:15:19:177222] (C:/VSCode/Component/ComponentPHP/Core/Kernel.php:83) | Shutting down (ec8db291)
[2026-10-07 20:15:20:463171] (C:/VSCode/Component/ComponentPHP/App/Config/DatabaseConfig.php:26) | Pre boot database config
[2026-10-07 20:15:20:463518] (C:/VSCode/Component/ComponentPHP/Core/Kernel.php:46) | Booting kernel (230a49b5)
[2026-10-07 20:15:20:464237] (C:/VSCode/Component/ComponentPHP/Core/Routing/Services/RoutingService.php:125) | Routing '/songs'
[2026-10-07 20:15:20:466172] (C:/VSCode/Component/ComponentPHP/Core/Kernel.php:83) | Shutting down (230a49b5)
[2026-10-07 20:15:54:425999] (C:/VSCode/Component/ComponentPHP/App/Config/DatabaseConfig.php:26) | Pre boot database config
[2026-10-07 20:15:54:426326] (C:/VSCode/Component/ComponentPHP/Core/Kernel.php:46) | Booting kernel (68958e78)
[2026-10-07 20:15:54:427164] (C:/VSCode/Component/ComponentPHP/Core/Routing/Services/RoutingService.php:125) | Routing '/songs/1/view'
[2026-10-07 20:15:54:433727] (C:/VSCode/Component/ComponentPHP/Core/Kernel.php:83) | Shutting down (68958e78)
[2026-10-07 20:17:03:704316] (C:/VSCode/Component/ComponentPHP/App/Config/DatabaseConfig.php:26) | Pre boot database config
[2026-10-07 20:17:03:704732] (C:/VSCode/Component/ComponentPHP/Core/Kernel.php:46) | Booting kernel (7c3085a7)
[2026-10-07 20:17:03:705616] (C:/VSCode/Component/ComponentPHP/Core/Routing/Services/RoutingService.php:125) | Routing '/songs/1/view'
[2026-10-07 20:17:03:707730] (C:/VSCode/Component/ComponentPHP/Core/Kernel.php:83) | Shutting down (7c3085a7)
[2026-10-07 20:20:12:874556] (C:/VSCode/Component/ComponentPHP/App/Config/DatabaseConfig.php:26) | Pre boot database config
[2026-10-07 20:20:12:875057] (C:/VSCode/Component/ComponentPHP/Core/Kernel.php:46) | Booting kernel (9745f859)
[2026-10-07 20:20:12:877225] (C:/VSCode/Component/ComponentPHP/Core/Kernel.php:83) | Shutting down (9745f859)
[2026-10-07 20:20:27:577349] (C:/VSCode/Component/ComponentPHP/App/Config/DatabaseConfig.php:26) | Pre boot database config
[2026-10-07 20:20:27:577685] (C:/VSCode/Component/ComponentPHP/Core/Kernel.php:46) | Booting kernel (5b239286)
[2026-10-07 20:20:27:579277] (C:/VSCode/Component/ComponentPHP/Core/Kernel.php:83) | Shutting down (5b239286)
[2026-10-07 20:20:28:564852] (C:/VSCode/Component/ComponentPHP/App/Config/DatabaseConfig.php:26) | Pre boot database config
[2026-10-07 20:20:28:565140] (C:/VSCode/Component/ComponentPHP/Core/Kernel.php:46) | Booting kernel (884ef6b5)
[2026-10-07 20:20:28:566744] (C:/VSCode/Component/ComponentPHP/Core/Kernel.php:83) | Shutting down (884ef6b5)
[2026-10-07 20:20:37:457539] (C:/VSCode/Component/ComponentPHP/App/Config/DatabaseConfig.php:26) | Pre boot database config
[2026-10-07 20:20:37:457902] (C:/VSCode/Component/ComponentPHP/Core/Kernel.php:46) | Booting kernel (286a64b5)
[2026-10-07 20:20:37:458817] (C:/VSCode/Component/ComponentPHP/Core/Routing/Services/RoutingService.php:125) | Routing '/songs/1/view'
[2026-10-07 20:20:37:461735] (C:/VSCode/Component/ComponentPHP/Core/Kernel.php:83) | Shutting down (286a64b5)
[2026-10-07 20:20:48:327391] (C:/VSCode/Component/ComponentPHP/App/Config/DatabaseConfig.php:26) | Pre boot database config
[2026-10-07 20:20:48:327750] (C:/VSCode/Component/ComponentPHP/Core/Kernel.php:46) | Booting kernel (e95bb998)
[2026-10-07 20:20:48:328669] (C:/VSCode/Component/ComponentPHP/Core/Routing/Services/RoutingService.php:125) | Routing '/songs/upload'
[2026-10-07 20:20:48:330475] (C:/VSCode/Component/ComponentPHP/Core/Kernel.php:83) | Shutting down (e95bb998)
[2026-10-07 20:21:27:863669] (C:/VSCode/Component/ComponentPHP/App/Config/DatabaseConfig.php:26) | Pre boot database config
[2026-10-07 20:21:27:864008] (C:/VSCode/Component/ComponentPHP/Core/Kernel.php:46) | Booting kernel (0ee2b9ad)
[2026-10-07 20:21:27:864828] (C:/VSCode/Component/ComponentPHP/Core/Routing/Services/RoutingService.php:125) | Routing '/songs/upload'
[2026-10-07 20:21:27:866754] (C:/VSCode/Component/ComponentPHP/Core/Kernel.php:83) | Shutting down (0ee2b9ad)
[2026-10-07 20:23:33:546640] (C:/VSCode/Component/ComponentPHP/App/Config/DatabaseConfig.php:26) | Pre boot database config
[2026-10-07 20:23:33:547164] (C:/VSCode/Component/ComponentPHP/Core/Kernel.php:46) | Booting kernel (ded4bdcc)
[2026-10-07 20:23:33:548463] (C:/VSCode/Component/ComponentPHP/Core/Routing/Services/RoutingService.php:125) | Routing '/'
[2026-10-07 20:23:33:551208] (C:/VSCode/Component/ComponentPHP/Core/Kernel.php:83) | Shutting down (ded4bdcc)
[2026-10-07 20:24:08:113152] (C:/VSCode/Component/ComponentPHP/App/Config/DatabaseConfig.php:26) | Pre boot database config
[2026-10-07 20:24:08:113478] (C:/VSCode/Component/ComponentPHP/Core/Kernel.php:46) | Booting kernel (c29886f4)
[2026-10-07 20:24:08:114326] (C:/VSCode/Component/ComponentPHP/Core/Routing/Services/RoutingService.php:125) | Routing '/'
[2026-10-07 20:24:08:115961] (C:/VSCode/Component/ComponentPHP/Core/Kernel.php:83) | Shutting down (c29886f4)
[2026-10-07 20:24:12:945492] (C:/VSCode/Component/ComponentPHP/App/Config/DatabaseConfig.php:26) | Pre boot database config
[2026-10-07 20:24:12:945860] (C:/VSCode/Component/ComponentPHP/Core/Kernel.php:46) | Booting kernel (04342c0b)
[2026-10-07 20:24:12:946739] (C:/VSCode/Component/ComponentPHP/Core/Routing/Services/RoutingService.php:125) | Routing '/'
[2026-10-07 20:24:12:948274] (C:/VSCode/Component/ComponentPHP/Core/Kernel.php:83) | Shutting down (04342c0b)
[2026-10-07 20:24:14:280429] (C:/VSCode/Component/ComponentPHP/App/Config/DatabaseConfig.php:26) | Pre boot database config
[2026-10-07 20:24:14:280762] (C:/VSCode/Component/ComponentPHP/Core/Kernel.php:46) | Booting kernel (2cbece3f)
[2026-10-07 20:24:14:281501] (C:/VSCode/Component/ComponentPHP/Core/Routing/Services/RoutingService.php:125) | Routing '/'
[2026-10-07 20:24:14:282973] (C:/VSCode/Component/ComponentPHP/Core/Kernel.php:83) | Shutting down (2cbece3f)
[2026-10-07 20:24:15:258928] (C:/VSCode/Component/ComponentPHP/App/Config/DatabaseConfig.php:26) | Pre boot database config
[2026-10-07 20:24:15:259258] (C:/VSCode/Component/ComponentPHP/Core/Kernel.php:46) | Booting kernel (a91088e2)
[2026-10-07 20:24:15:260075] (C:/VSCode/Component/ComponentPHP/Core/Routing/Services/RoutingService.php:125) | Routing '/'
[2026-10-07 20:24:15:261664] (C:/VSCode/Component/ComponentPHP/Core/Kernel.php:83) | Shutting down (a91088e2)
[2026-10-07 20:25:22:945587] (C:/VSCode/Component/ComponentPHP/App/Config/DatabaseConfig.php:26) | Pre boot database config
[2026-10-07 20:25:22:945963] (C:/VSCode/Component/ComponentPHP/Core/Kernel.php:46) | Booting kernel (39f3a347)
[2026-10-07 20:25:22:946902] (C:/VSCode/Component/ComponentPHP/Core/Routing/Services/RoutingService.php:125) | Routing '/'
[2026-10-07 20:25:22:948575] (C:/VSCode/Component/ComponentPHP/Core/Kernel.php:83) | Shutting down (39f3a347)
[2026-10-07 20:27:26:091552] (C:/VSCode/Component/ComponentPHP/App/Config/DatabaseConfig.php:26) | Pre boot database config
[2026-10-07 20:27:26:092077] (C:/VSCode/Component/ComponentPHP/Core/Kernel.php:46) | Booting kernel (e9ee343c)
[2026-10-07 20:27:26:093446] (C:/VSCode/Component/ComponentPHP/Core/Routing/Services/RoutingService.php:125) | Routing '/'
[2026-10-07 20:27:26:096154] (C:/VSCode/Component/ComponentPHP/Core/Kernel.php:83) | Shutting down (e9ee343c)
[2026-10-07 20:27:26:145755] (C:/VSCode/Component/ComponentPHP/App/Config/DatabaseConfig.php:26) | Pre boot database config
[2026-10-07 20:27:26:146096] (C:/VSCode/Component/ComponentPHP/Core/Kernel.php:46) | Booting kernel (81b1f9ee)
[2026-10-07 20:27:26:147646] (C:/VSCode/Component/ComponentPHP/Core/Kernel.php:83) | Shutting down (81b1f9ee)
[2026-10-07 20:27:55:422483] (C:/VSCode/Component/ComponentPHP/App/Config/DatabaseConfig.php:26) | Pre boot database config
[2026-10-07 20:27:55:422837] (C:/VSCode/Component/ComponentPHP/Core/Kernel.php:46) | Booting kernel (f3eb529a)
[2026-10-07 20:27:55:423749] (C:/VSCode/Component/ComponentPHP/Core/Routing/Services/RoutingService.php:125) | Routing '/'
[2026-10-07 20:27:55:425423] (C:/VSCode/Component/ComponentPHP/Core/Kernel.php:83) | Shutting down (f3eb529a)
[2026-10-07 20:27:56:544189] (C:/VSCode/Component/ComponentPHP/App/Config/DatabaseConfig.php:26) | Pre boot database config
[2026-10-07 20:27:56:544472] (C:/VSCode/Component/ComponentPHP/Core/Kernel.php:46) | Booting kernel (31ee97bb)
[2026-10-07 20:27:56:545143] (C:/VSCode/Component/ComponentPHP/Core/Routing/Services/RoutingService.php:125) | Routing '/songs'
[2026-10-07 20:27:56:546996] (C:/VSCode/Component/ComponentPHP/Core/Kernel.php:83) | Shutting down (31ee97bb)
[2026-10-07 20:28:41:681916] (C:/VSCode/Component/ComponentPHP/App/Config/DatabaseConfig.php:26) | Pre boot database config
[2026-10-07 20:28:41:682233] (C:/VSCode/Component/ComponentPHP/Core/Kernel.php:46) | Booting kernel (fcf14e21)
[2026-10-07 20:28:41:683073] (C:/VSCode/Component/ComponentPHP/Core/Routing/Services/RoutingService.php:125) | Routing '/'
[2026-10-07 20:28:41:684773] (C:/VSCode/Component/ComponentPHP/Core/Kernel.php:83) | Shutting down (fcf14e21)
[2026-10-07 20:28:42:752119] (C:/VSCode/Component/ComponentPHP/App/Config/DatabaseConfig.php:26) | Pre boot database config
[2026-10-07 20:28:42:752389] (C:/VSCode/Component/ComponentPHP/Core/Kernel.php:46) | Booting kernel (b4a6edb8)
[2026-10-07 20:28:42:753048] (C:/VSCode/Component/ComponentPHP/Core/Routing/Services/RoutingService.php:125) | Routing '/songs/upload'
[2026-10-07 20:28:42:754450] (C:/VSCode/Component/ComponentPHP/Core/Kernel.php:83) | Shutting down (b4a6edb8)
[2026-10-07 20:28:44:024448] (C:/VSCode/Component/ComponentPHP/App/Config/DatabaseConfig.php:26) | Pre boot database config
[2026-10-07 20:28:44:024770] (C:/VSCode/Component/ComponentPHP/Core/Kernel.php:46) | Booting kernel (ad1ed924)
[2026-10-07 20:28:44:025648] (C:/VSCode/Component/ComponentPHP/Core/Routing/Services/RoutingService.php:125) | Routing '/songs'
[2026-10-07 20:28:44:027584] (C:/VSCode/Component/ComponentPHP/Core/Kernel.php:83) | Shutting down (ad1ed924)
[2026-10-07 20:28:45:152751] (C:/VSCode/Component/ComponentPHP/App/Config/DatabaseConfig.php:26) | Pre boot database config
[2026-10-07 20:28:45:153085] (C:/VSCode/Component/ComponentPHP/Core/Kernel.php:46) | Booting kernel (feaad311)
[2026-10-07 20:28:45:153869] (C:/VSCode/Component/ComponentPHP/Core/Routing/Services/RoutingService.php:125) | Routing '/songs/upload'
[2026-10-07 20:28:45:155442] (C:/VSCode/Component/ComponentPHP/Core/Kernel.php:83) | Shutting down (feaad311)
[2026-10-07 20:31:07:818248] (C:/VSCode/Component/ComponentPHP/App/Config/DatabaseConfig.php:26) | Pre boot database config
[2026-10-07 20:31:07:818813] (C:/VSCode/Component/ComponentPHP/Core/Kernel.php:46) | Booting kernel (643b203e)
[2026-10-07 20:31:07:820182] (C:/VSCode/Component/ComponentPHP/Core/Routing/Services/RoutingService.php:125) | Routing '/'
[2026-10-07 20:31:07:822582] (C:/VSCode/Component/ComponentPHP/Core/Kernel.php:83) | Shutting down (643b203e)
[2026-10-07 20:31:07:869207] (C:/VSCode/Component/ComponentPHP/App/Config/DatabaseConfig.php:26) | Pre boot database config
[2026-10-07 20:31:07:869547] (C:/VSCode/Component/ComponentPHP/Core/Kernel.php:46) | Booting kernel (8f13f385)
[2026-10-07 20:31:07:870980] (C:/VSCode/Component/ComponentPHP/Core/Kernel.php:83) | Shutting down (8f13f385)
[2026-10-07 20:31:15:138131] (C:/VSCode/Component/ComponentPHP/App/Config/DatabaseConfig.php:26) | Pre boot database config
[2026-10-07 20:31:15:138479] (C:/VSCode/Component/ComponentPHP/Core/Kernel.php:46) | Booting kernel (b5b5f4f0)
[2026-10-07 20:31:15:139434] (C:/VSCode/Component/ComponentPHP/Core/Routing/Services/RoutingService.php:125) | Routing '/'
[2026-10-07 20:31:15:141135] (C:/VSCode/Component/ComponentPHP/Core/Kernel.php:83) | Shutting down (b5b5f4f0)
[2026-10-07 20:31:16:584076] (C:/VSCode/Component/ComponentPHP/App/Config/DatabaseConfig.php:26) | Pre boot database config
[2026-10-07 20:31:16:584370] (C:/VSCode/Component/ComponentPHP/Core/Kernel.php:46) | Booting kernel (b4035c9f)
[2026-10-07 20:31:16:585060] (C:/VSCode/Component/ComponentPHP/Core/Routing/Services/RoutingService.php:125) | Routing '/songs'
[2026-10-07 20:31:16:586866] (C:/VSCode/Component/ComponentPHP/Core/Kernel.php:83) | Shutting down (b4035c9f)
[2026-10-07 20:31:18:639890] (C:/VSCode/Component/ComponentPHP/App/Config/DatabaseConfig.php:26) | Pre boot database config
[2026-10-07 20:31:18:640215] (C:/VSCode/Component/ComponentPHP/Core/Kernel.php:46) | Booting kernel (3ad95e66)
[2026-10-07 20:31:18:641095] (C:/VSCode/Component/ComponentPHP/Core/Routing/Services/RoutingService.php:125) | Routing '/songs/upload'
[2026-10-07 20:31:18:642713] (C:/VSCode/Component/ComponentPHP/Core/Kernel.php:83) | Shutting down (3ad95e66)
[2026-10-07 20:31:20:215568] (C:/VSCode/Component/ComponentPHP/App/Config/DatabaseConfig.php:26) | Pre boot database config
[2026-10-07 20:31:20:215848] (C:/VSCode/Component/ComponentPHP/Core/Kernel.php:46) | Booting kernel (9b7b7817)
[2026-10-07 20:31:20:216562] (C:/VSCode/Component/ComponentPHP/Core/Routing/Services/RoutingService.php:125) | Routing '/songs/upload'
[2026-10-07 20:31:20:221467] (C:/VSCode/Component/ComponentPHP/Core/Kernel.php:83) | Shutting down (9b7b7817)
[2026-10-07 20:31:20:727405] (C:/VSCode/Component/ComponentPHP/App/Config/DatabaseConfig.php:26) | Pre boot database config
[2026-10-07 20:31:20:727684] (C:/VSCode/Component/ComponentPHP/Core/Kernel.php:46) | Booting kernel (b60cdc48)
[2026-10-07 20:31:20:728375] (C:/VSCode/Component/ComponentPHP/Core/Routing/Services/RoutingService.php:125) | Routing '/songs/upload'
[2026-10-07 20:31:20:729849] (C:/VSCode/Component/ComponentPHP/Core/Kernel.php:83) | Shutting down (b60cdc48)
[2026-10-07 20:31:21:199690] (C:/VSCode/Component/ComponentPHP/App/Config/DatabaseConfig.php:26) | Pre boot database config
[2026-10-07 20:31:21:200054] (C:/VSCode/Component/ComponentPHP/Core/Kernel.php:46) | Booting kernel (4e5ba16f)
[2026-10-07 20:31:21:200969] (C:/VSCode/Component/ComponentPHP/Core/Routing/Services/RoutingService.php:125) | Routing '/songs/upload'
[2026-10-07 20:31:21:202587] (C:/VSCode/Component/ComponentPHP/Core/Kernel.php:83) | Shutting down (4e5ba16f)
[2026-10-07 20:34:22:388549] (C:/VSCode/Component/ComponentPHP/App/Config/DatabaseConfig.php:26) | Pre boot database config
[2026-10-07 20:34:22:389086] (C:/VSCode/Component/ComponentPHP/Core/Kernel.php:46) | Booting kernel (c512830b)
[2026-10-07 20:34:22:390474] (C:/VSCode/Component/ComponentPHP/Core/Routing/Services/RoutingService.php:125) | Routing '/'
[2026-10-07 20:34:22:393148] (C:/VSCode/Component/ComponentPHP/Core/Kernel.php:83) | Shutting down (c512830b)
[2026-10-07 20:34:24:143260] (C:/VSCode/Component/ComponentPHP/App/Config/DatabaseConfig.php:26) | Pre boot database config
[2026-10-07 20:34:24:143557] (C:/VSCode/Component/ComponentPHP/Core/Kernel.php:46) | Booting kernel (e728a27f)
[2026-10-07 20:34:24:144223] (C:/VSCode/Component/ComponentPHP/Core/Routing/Services/RoutingService.php:125) | Routing '/songs'
[2026-10-07 20:34:24:146027] (C:/VSCode/Component/ComponentPHP/Core/Kernel.php:83) | Shutting down (e728a27f)
[2026-10-07 20:35:04:510763] (C:/VSCode/Component/ComponentPHP/App/Config/DatabaseConfig.php:26) | Pre boot database config
[2026-10-07 20:35:04:511111] (C:/VSCode/Component/ComponentPHP/Core/Kernel.php:46) | Booting kernel (15dabc0a)
[2026-10-07 20:35:04:512037] (C:/VSCode/Component/ComponentPHP/Core/Routing/Services/RoutingService.php:125) | Routing '/'
[2026-10-07 20:35:04:513808] (C:/VSCode/Component/ComponentPHP/Core/Kernel.php:83) | Shutting down (15dabc0a)
[2026-10-07 20:35:09:551849] (C:/VSCode/Component/ComponentPHP/App/Config/DatabaseConfig.php:26) | Pre boot database config
[2026-10-07 20:35:09:552169] (C:/VSCode/Component/ComponentPHP/Core/Kernel.php:46) | Booting kernel (670ea3e2)
[2026-10-07 20:35:09:553005] (C:/VSCode/Component/ComponentPHP/Core/Routing/Services/RoutingService.php:125) | Routing '/songs/upload'
[2026-10-07 20:35:09:554683] (C:/VSCode/Component/ComponentPHP/Core/Kernel.php:83) | Shutting down (670ea3e2)
[2026-10-07 20:35:11:286945] (C:/VSCode/Component/ComponentPHP/App/Config/DatabaseConfig.php:26) | Pre boot database config
[2026-10-07 20:35:11:287243] (C:/VSCode/Component/ComponentPHP/Core/Kernel.php:46) | Booting kernel (75432957)
[2026-10-07 20:35:11:287937] (C:/VSCode/Component/ComponentPHP/Core/Routing/Services/RoutingService.php:125) | Routing '/songs'
[2026-10-07 20:35:11:289594] (C:/VSCode/Component/ComponentPHP/Core/Kernel.php:83) | Shutting down (75432957)
[2026-10-07 20:36:23:859201] (C:/VSCode/Component/ComponentPHP/App/Config/DatabaseConfig.php:26) | Pre boot database config
[2026-10-07 20:36:23:859756] (C:/VSCode/Component/ComponentPHP/Core/Kernel.php:46) | Booting kernel (09bdde13)
[2026-10-07 20:36:23:861197] (C:/VSCode/Component/ComponentPHP/Core/Routing/Services/RoutingService.php:125) | Routing '/'
[2026-10-07 20:36:23:863677] (C:/VSCode/Component/ComponentPHP/Core/Kernel.php:83) | Shutting down (09bdde13)
[2026-10-07 20:36:27:447583] (C:/VSCode/Component/ComponentPHP/App/Config/DatabaseConfig.php:26) | Pre boot database config
[2026-10-07 20:36:27:447945] (C:/VSCode/Component/ComponentPHP/Core/Kernel.php:46) | Booting kernel (14eeb82a)
[2026-10-07 20:36:27:448826] (C:/VSCode/Component/ComponentPHP/Core/Routing/Services/RoutingService.php:125) | Routing '/songs'
[2026-10-07 20:36:27:450867] (C:/VSCode/Component/ComponentPHP/Core/Kernel.php:83) | Shutting down (14eeb82a)
[2026-10-07 20:36:28:526842] (C:/VSCode/Component/ComponentPHP/App/Config/DatabaseConfig.php:26) | Pre boot database config
[2026-10-07 20:36:28:527202] (C:/VSCode/Component/ComponentPHP/Core/Kernel.php:46) | Booting kernel (62461a40)
[2026-10-07 20:36:28:528025] (C:/VSCode/Component/ComponentPHP/Core/Routing/Services/RoutingService.php:125) | Routing '/songs/upload'
[2026-10-07 20:36:28:529449] (C:/VSCode/Component/ComponentPHP/Core/Kernel.php:83) | Shutting down (62461a40)
[2026-10-07 20:36:30:463532] (C:/VSCode/Component/ComponentPHP/App/Config/DatabaseConfig.php:26) | Pre boot database config
[2026-10-07 20:36:30:463871] (C:/VSCode/Component/ComponentPHP/Core/Kernel.php:46) | Booting kernel (fe02e03e)
[2026-10-07 20:36:30:464767] (C:/VSCode/Component/ComponentPHP/Core/Routing/Services/RoutingService.php:125) | Routing '/songs'
[2026-10-07 20:36:30:466642] (C:/VSCode/Component/ComponentPHP/Core/Kernel.php:83) | Shutting down (fe02e03e)
[2026-10-07 20:45:45:003618] (C:/VSCode/Component/ComponentPHP/App/Config/DatabaseConfig.php:26) | Pre boot database config
[2026-10-07 20:45:45:004163] (C:/VSCode/Component/ComponentPHP/Core/Kernel.php:46) | Booting kernel (3f70aba1)
[2026-10-07 20:45:45:005501] (C:/VSCode/Component/ComponentPHP/Core/Routing/Services/RoutingService.php:125) | Routing '/'
[2026-10-07 20:45:45:008577] (C:/VSCode/Component/ComponentPHP/Core/Kernel.php:83) | Shutting down (3f70aba1)
[2026-10-07 20:45:45:060745] (C:/VSCode/Component/ComponentPHP/App/Config/DatabaseConfig.php:26) | Pre boot database config
[2026-10-07 20:45:45:061039] (C:/VSCode/Component/ComponentPHP/Core/Kernel.php:46) | Booting kernel (55cfe2bb)
[2026-10-07 20:45:45:062563] (C:/VSCode/Component/ComponentPHP/Core/Kernel.php:83) | Shutting down (55cfe2bb)
[2026-10-07 20:45:46:086379] (C:/VSCode/Component/ComponentPHP/App/Config/DatabaseConfig.php:26) | Pre boot database config
[2026-10-07 20:45:46:086691] (C:/VSCode/Component/ComponentPHP/Core/Kernel.php:46) | Booting kernel (63c53f8a)
[2026-10-07 20:45:46:087378] (C:/VSCode/Component/ComponentPHP/Core/Routing/Services/RoutingService.php:125) | Routing '/songs'
[2026-10-07 20:45:46:089368] (C:/VSCode/Component/ComponentPHP/Core/Kernel.php:83) | Shutting down (63c53f8a)
[2026-10-07 20:46:02:833038] (C:/VSCode/Component/ComponentPHP/App/Config/DatabaseConfig.php:26) | Pre boot database config
[2026-10-07 20:46:02:833373] (C:/VSCode/Component/ComponentPHP/Core/Kernel.php:46) | Booting kernel (3f0086fa)
[2026-10-07 20:46:02:834334] (C:/VSCode/Component/ComponentPHP/Core/Routing/Services/RoutingService.php:125) | Routing '/'
[2026-10-07 20:46:02:836230] (C:/VSCode/Component/ComponentPHP/Core/Kernel.php:83) | Shutting down (3f0086fa)
[2026-10-07 20:46:03:966613] (C:/VSCode/Component/ComponentPHP/App/Config/DatabaseConfig.php:26) | Pre boot database config
[2026-10-07 20:46:03:966943] (C:/VSCode/Component/ComponentPHP/Core/Kernel.php:46) | Booting kernel (c521b704)
[2026-10-07 20:46:03:967801] (C:/VSCode/Component/ComponentPHP/Core/Routing/Services/RoutingService.php:125) | Routing '/songs'
[2026-10-07 20:46:03:969521] (C:/VSCode/Component/ComponentPHP/Core/Kernel.php:83) | Shutting down (c521b704)
[2026-10-07 20:48:35:322180] (C:/VSCode/Component/ComponentPHP/App/Config/DatabaseConfig.php:26) | Pre boot database config
[2026-10-07 20:48:35:322774] (C:/VSCode/Component/ComponentPHP/Core/Kernel.php:46) | Booting kernel (970a6731)
[2026-10-07 20:48:35:324187] (C:/VSCode/Component/ComponentPHP/Core/Routing/Services/RoutingService.php:125) | Routing '/'
[2026-10-07 20:48:35:326779] (C:/VSCode/Component/ComponentPHP/Core/Kernel.php:83) | Shutting down (970a6731)
[2026-10-07 20:48:36:317814] (C:/VSCode/Component/ComponentPHP/App/Config/DatabaseConfig.php:26) | Pre boot database config
[2026-10-07 20:48:36:318148] (C:/VSCode/Component/ComponentPHP/Core/Kernel.php:46) | Booting kernel (0b8a1332)
[2026-10-07 20:48:36:318932] (C:/VSCode/Component/ComponentPHP/Core/Routing/Services/RoutingService.php:125) | Routing '/songs'
[2026-10-07 20:48:36:320816] (C:/VSCode/Component/ComponentPHP/Core/Kernel.php:83) | Shutting down (0b8a1332)
[2026-10-07 20:48:44:454496] (C:/VSCode/Component/ComponentPHP/App/Config/DatabaseConfig.php:26) | Pre boot database config
[2026-10-07 20:48:44:454813] (C:/VSCode/Component/ComponentPHP/Core/Kernel.php:46) | Booting kernel (a7943cf6)
[2026-10-07 20:48:44:455663] (C:/VSCode/Component/ComponentPHP/Core/Routing/Services/RoutingService.php:125) | Routing '/songs/1/play'
[2026-10-07 20:48:44:457510] (C:/VSCode/Component/ComponentPHP/Core/Kernel.php:83) | Shutting down (a7943cf6)
[2026-10-07 20:48:44:474159] (C:/VSCode/Component/ComponentPHP/App/Config/DatabaseConfig.php:26) | Pre boot database config
[2026-10-07 20:48:44:474457] (C:/VSCode/Component/ComponentPHP/Core/Kernel.php:46) | Booting kernel (ca6ece3c)
[2026-10-07 20:48:44:475919] (C:/VSCode/Component/ComponentPHP/Core/Kernel.php:83) | Shutting down (ca6ece3c)
[2026-10-07 20:49:05:670859] (C:/VSCode/Component/ComponentPHP/App/Config/DatabaseConfig.php:26) | Pre boot database config
[2026-10-07 20:49:05:671211] (C:/VSCode/Component/ComponentPHP/Core/Kernel.php:46) | Booting kernel (636f0786)
[2026-10-07 20:49:05:672081] (C:/VSCode/Component/ComponentPHP/Core/Routing/Services/RoutingService.php:125) | Routing '/songs/upload'
[2026-10-07 20:49:05:674209] (C:/VSCode/Component/ComponentPHP/Core/Kernel.php:83) | Shutting down (636f0786)
[2026-10-07 20:49:15:282579] (C:/VSCode/Component/ComponentPHP/App/Config/DatabaseConfig.php:26) | Pre boot database config
[2026-10-07 20:49:15:282960] (C:/VSCode/Component/ComponentPHP/Core/Kernel.php:46) | Booting kernel (4c049e4f)
[2026-10-07 20:49:15:283815] (C:/VSCode/Component/ComponentPHP/Core/Routing/Services/RoutingService.php:125) | Routing '/songs/upload'
[2026-10-07 20:49:15:298313] (C:/VSCode/Component/ComponentPHP/App/Services/MusicService.php:106) | Uploading song to 'C:/VSCode/Component/ComponentPHP/Public/Assets/Music/89f8f7adb9d082d0b5538e90b9b3f240.mp3'
[2026-10-07 20:49:15:299511] (C:/VSCode/Component/ComponentPHP/Core/Kernel.php:83) | Shutting down (4c049e4f)
[2026-10-07 20:52:20:055613] (C:/VSCode/Component/ComponentPHP/App/Config/DatabaseConfig.php:26) | Pre boot database config
[2026-10-07 20:52:20:056193] (C:/VSCode/Component/ComponentPHP/Core/Kernel.php:46) | Booting kernel (8f3dbadb)
[2026-10-07 20:52:20:057971] (C:/VSCode/Component/ComponentPHP/Core/Routing/Services/RoutingService.php:125) | Routing '/'
[2026-10-07 20:52:20:065904] (C:/VSCode/Component/ComponentPHP/Core/Kernel.php:83) | Shutting down (8f3dbadb)
[2026-10-07 20:52:20:132113] (C:/VSCode/Component/ComponentPHP/App/Config/DatabaseConfig.php:26) | Pre boot database config
[2026-10-07 20:52:20:132456] (C:/VSCode/Component/ComponentPHP/Core/Kernel.php:46) | Booting kernel (bfb5ffa0)
[2026-10-07 20:52:20:134637] (C:/VSCode/Component/ComponentPHP/Core/Kernel.php:83) | Shutting down (bfb5ffa0)
[2026-10-07 20:52:21:917694] (C:/VSCode/Component/ComponentPHP/App/Config/DatabaseConfig.php:26) | Pre boot database config
[2026-10-07 20:52:21:917995] (C:/VSCode/Component/ComponentPHP/Core/Kernel.php:46) | Booting kernel (5175ae5d)
[2026-10-07 20:52:21:918683] (C:/VSCode/Component/ComponentPHP/Core/Routing/Services/RoutingService.php:125) | Routing '/songs/upload'
[2026-10-07 20:52:21:920204] (C:/VSCode/Component/ComponentPHP/Core/Kernel.php:83) | Shutting down (5175ae5d)
[2026-10-07 20:55:01:570649] (C:/VSCode/Component/ComponentPHP/App/Config/DatabaseConfig.php:26) | Pre boot database config
[2026-10-07 20:55:01:571253] (C:/VSCode/Component/ComponentPHP/Core/Kernel.php:46) | Booting kernel (23ca5434)
[2026-10-07 20:55:01:572573] (C:/VSCode/Component/ComponentPHP/Core/Routing/Services/RoutingService.php:125) | Routing '/'
[2026-10-07 20:55:01:576131] (C:/VSCode/Component/ComponentPHP/Core/Kernel.php:83) | Shutting down (23ca5434)
[2026-10-07 20:55:02:941883] (C:/VSCode/Component/ComponentPHP/App/Config/DatabaseConfig.php:26) | Pre boot database config
[2026-10-07 20:55:02:942157] (C:/VSCode/Component/ComponentPHP/Core/Kernel.php:46) | Booting kernel (6f8a74b3)
[2026-10-07 20:55:02:942850] (C:/VSCode/Component/ComponentPHP/Core/Routing/Services/RoutingService.php:125) | Routing '/songs/upload'
[2026-10-07 20:55:02:944314] (C:/VSCode/Component/ComponentPHP/Core/Kernel.php:83) | Shutting down (6f8a74b3)
[2026-10-07 20:55:10:272769] (C:/VSCode/Component/ComponentPHP/App/Config/DatabaseConfig.php:26) | Pre boot database config
[2026-10-07 20:55:10:273120] (C:/VSCode/Component/ComponentPHP/Core/Kernel.php:46) | Booting kernel (a44c6fff)
[2026-10-07 20:55:10:273940] (C:/VSCode/Component/ComponentPHP/Core/Routing/Services/RoutingService.php:125) | Routing '/songs/upload'
[2026-10-07 20:55:10:281783] (C:/VSCode/Component/ComponentPHP/App/Services/MusicService.php:93) | Uploading song to from 'C:\Users\samvj\AppData\Local\Temp\phpA3B7.tmp' 'C:/VSCode/Component/ComponentPHP/Public/Assets/Music/a8f5f167f44f4964e6c998dee827110c.mp3'
[2026-10-07 20:55:10:282264] (C:/VSCode/Component/ComponentPHP/App/Services/MusicService.php:100) | Failed to move file
[2026-10-07 20:55:10:283025] (C:/VSCode/Component/ComponentPHP/Core/Kernel.php:83) | Shutting down (a44c6fff)
[2026-10-07 20:55:10:333882] (C:/VSCode/Component/ComponentPHP/App/Config/DatabaseConfig.php:26) | Pre boot database config
[2026-10-07 20:55:10:334262] (C:/VSCode/Component/ComponentPHP/Core/Kernel.php:46) | Booting kernel (76ab42d7)
[2026-10-07 20:55:10:336009] (C:/VSCode/Component/ComponentPHP/Core/Kernel.php:83) | Shutting down (76ab42d7)
[2026-10-07 20:56:10:852983] (C:/VSCode/Component/ComponentPHP/App/Config/DatabaseConfig.php:26) | Pre boot database config
[2026-10-07 20:56:10:853357] (C:/VSCode/Component/ComponentPHP/Core/Kernel.php:46) | Booting kernel (f10cf83e)
[2026-10-07 20:56:10:854295] (C:/VSCode/Component/ComponentPHP/Core/Routing/Services/RoutingService.php:125) | Routing '/'
[2026-10-07 20:56:10:856632] (C:/VSCode/Component/ComponentPHP/Core/Kernel.php:83) | Shutting down (f10cf83e)
[2026-10-07 20:56:10:916566] (C:/VSCode/Component/ComponentPHP/App/Config/DatabaseConfig.php:26) | Pre boot database config
[2026-10-07 20:56:10:916855] (C:/VSCode/Component/ComponentPHP/Core/Kernel.php:46) | Booting kernel (1c4b8b41)
[2026-10-07 20:56:10:918377] (C:/VSCode/Component/ComponentPHP/Core/Kernel.php:83) | Shutting down (1c4b8b41)
[2026-10-07 20:56:12:789302] (C:/VSCode/Component/ComponentPHP/App/Config/DatabaseConfig.php:26) | Pre boot database config
[2026-10-07 20:56:12:789628] (C:/VSCode/Component/ComponentPHP/Core/Kernel.php:46) | Booting kernel (0681bf67)
[2026-10-07 20:56:12:790387] (C:/VSCode/Component/ComponentPHP/Core/Routing/Services/RoutingService.php:125) | Routing '/songs/upload'
[2026-10-07 20:56:12:791863] (C:/VSCode/Component/ComponentPHP/Core/Kernel.php:83) | Shutting down (0681bf67)
[2026-10-07 20:56:20:990929] (C:/VSCode/Component/ComponentPHP/App/Config/DatabaseConfig.php:26) | Pre boot database config
[2026-10-07 20:56:20:991367] (C:/VSCode/Component/ComponentPHP/Core/Kernel.php:46) | Booting kernel (f2348067)
[2026-10-07 20:56:20:992334] (C:/VSCode/Component/ComponentPHP/Core/Routing/Services/RoutingService.php:125) | Routing '/songs/upload'
[2026-10-07 20:56:20:999912] (C:/VSCode/Component/ComponentPHP/App/Services/MusicService.php:93) | Uploading song to from 'C:\Users\samvj\AppData\Local\Temp\phpB7F6.tmp' 'C:/VSCode/Component/ComponentPHP/Public/Assets/Music/a8f5f167f44f4964e6c998dee827110c.mp3'
[2026-10-07 20:56:21:008344] (C:/VSCode/Component/ComponentPHP/Core/Kernel.php:83) | Shutting down (f2348067)
[2026-10-07 20:56:32:021228] (C:/VSCode/Component/ComponentPHP/App/Config/DatabaseConfig.php:26) | Pre boot database config
[2026-10-07 20:56:32:021582] (C:/VSCode/Component/ComponentPHP/Core/Kernel.php:46) | Booting kernel (4baeb2fd)
[2026-10-07 20:56:32:022537] (C:/VSCode/Component/ComponentPHP/Core/Routing/Services/RoutingService.php:125) | Routing '/'
[2026-10-07 20:56:32:024178] (C:/VSCode/Component/ComponentPHP/Core/Kernel.php:83) | Shutting down (4baeb2fd)
[2026-10-07 20:56:33:325056] (C:/VSCode/Component/ComponentPHP/App/Config/DatabaseConfig.php:26) | Pre boot database config
[2026-10-07 20:56:33:325440] (C:/VSCode/Component/ComponentPHP/Core/Kernel.php:46) | Booting kernel (b2db871e)
[2026-10-07 20:56:33:326162] (C:/VSCode/Component/ComponentPHP/Core/Routing/Services/RoutingService.php:125) | Routing '/songs'
[2026-10-07 20:56:33:327895] (C:/VSCode/Component/ComponentPHP/Core/Kernel.php:83) | Shutting down (b2db871e)
[2026-10-07 20:56:38:365682] (C:/VSCode/Component/ComponentPHP/App/Config/DatabaseConfig.php:26) | Pre boot database config
[2026-10-07 20:56:38:366003] (C:/VSCode/Component/ComponentPHP/Core/Kernel.php:46) | Booting kernel (a8be4459)
[2026-10-07 20:56:38:366837] (C:/VSCode/Component/ComponentPHP/Core/Routing/Services/RoutingService.php:125) | Routing '/songs/1/play'
[2026-10-07 20:56:38:368735] (C:/VSCode/Component/ComponentPHP/Core/Kernel.php:83) | Shutting down (a8be4459)
[2026-10-07 20:56:38:417299] (C:/VSCode/Component/ComponentPHP/App/Config/DatabaseConfig.php:26) | Pre boot database config
[2026-10-07 20:56:38:417605] (C:/VSCode/Component/ComponentPHP/Core/Kernel.php:46) | Booting kernel (c0607f0f)
[2026-10-07 20:56:38:419135] (C:/VSCode/Component/ComponentPHP/Core/Kernel.php:83) | Shutting down (c0607f0f)
[2026-10-07 20:59:47:189367] (C:/VSCode/Component/ComponentPHP/App/Config/DatabaseConfig.php:26) | Pre boot database config
[2026-10-07 20:59:47:189940] (C:/VSCode/Component/ComponentPHP/Core/Kernel.php:46) | Booting kernel (b0ca724e)
[2026-10-07 20:59:47:191224] (C:/VSCode/Component/ComponentPHP/Core/Routing/Services/RoutingService.php:125) | Routing '/'
[2026-10-07 20:59:47:193594] (C:/VSCode/Component/ComponentPHP/Core/Kernel.php:83) | Shutting down (b0ca724e)
[2026-10-07 20:59:48:300722] (C:/VSCode/Component/ComponentPHP/App/Config/DatabaseConfig.php:26) | Pre boot database config
[2026-10-07 20:59:48:301030] (C:/VSCode/Component/ComponentPHP/Core/Kernel.php:46) | Booting kernel (b8e07ee7)
[2026-10-07 20:59:48:301838] (C:/VSCode/Component/ComponentPHP/Core/Routing/Services/RoutingService.php:125) | Routing '/songs'
[2026-10-07 20:59:48:303710] (C:/VSCode/Component/ComponentPHP/Core/Kernel.php:83) | Shutting down (b8e07ee7)
[2026-10-07 20:59:54:132993] (C:/VSCode/Component/ComponentPHP/App/Config/DatabaseConfig.php:26) | Pre boot database config
[2026-10-07 20:59:54:133374] (C:/VSCode/Component/ComponentPHP/Core/Kernel.php:46) | Booting kernel (22a48666)
[2026-10-07 20:59:54:134263] (C:/VSCode/Component/ComponentPHP/Core/Routing/Services/RoutingService.php:125) | Routing '/songs/1/play'
[2026-10-07 20:59:54:136063] (C:/VSCode/Component/ComponentPHP/Core/Kernel.php:83) | Shutting down (22a48666)
[2026-10-07 20:59:54:152443] (C:/VSCode/Component/ComponentPHP/App/Config/DatabaseConfig.php:26) | Pre boot database config
[2026-10-07 20:59:54:152761] (C:/VSCode/Component/ComponentPHP/Core/Kernel.php:46) | Booting kernel (ce1c6b04)
[2026-10-07 20:59:54:154258] (C:/VSCode/Component/ComponentPHP/Core/Kernel.php:83) | Shutting down (ce1c6b04)
[2026-10-07 21:00:21:743586] (C:/VSCode/Component/ComponentPHP/App/Config/DatabaseConfig.php:26) | Pre boot database config
[2026-10-07 21:00:21:743951] (C:/VSCode/Component/ComponentPHP/Core/Kernel.php:46) | Booting kernel (e4adbb96)
[2026-10-07 21:00:21:744905] (C:/VSCode/Component/ComponentPHP/Core/Routing/Services/RoutingService.php:125) | Routing '/'
[2026-10-07 21:00:21:746643] (C:/VSCode/Component/ComponentPHP/Core/Kernel.php:83) | Shutting down (e4adbb96)
[2026-10-07 21:00:22:628830] (C:/VSCode/Component/ComponentPHP/App/Config/DatabaseConfig.php:26) | Pre boot database config
[2026-10-07 21:00:22:629113] (C:/VSCode/Component/ComponentPHP/Core/Kernel.php:46) | Booting kernel (05c6a858)
[2026-10-07 21:00:22:629788] (C:/VSCode/Component/ComponentPHP/Core/Routing/Services/RoutingService.php:125) | Routing '/songs'
[2026-10-07 21:00:22:631491] (C:/VSCode/Component/ComponentPHP/Core/Kernel.php:83) | Shutting down (05c6a858)
[2026-10-07 21:00:22:981804] (C:/VSCode/Component/ComponentPHP/App/Config/DatabaseConfig.php:26) | Pre boot database config
[2026-10-07 21:00:22:982086] (C:/VSCode/Component/ComponentPHP/Core/Kernel.php:46) | Booting kernel (81fbdc6c)
[2026-10-07 21:00:22:982811] (C:/VSCode/Component/ComponentPHP/Core/Routing/Services/RoutingService.php:125) | Routing '/songs/1/play'
[2026-10-07 21:00:22:985558] (C:/VSCode/Component/ComponentPHP/Core/Kernel.php:83) | Shutting down (81fbdc6c)
[2026-10-07 21:00:31:846657] (C:/VSCode/Component/ComponentPHP/App/Config/DatabaseConfig.php:26) | Pre boot database config
[2026-10-07 21:00:31:846974] (C:/VSCode/Component/ComponentPHP/Core/Kernel.php:46) | Booting kernel (950355e3)
[2026-10-07 21:00:31:847790] (C:/VSCode/Component/ComponentPHP/Core/Routing/Services/RoutingService.php:125) | Routing '/songs/upload'
[2026-10-07 21:00:31:849322] (C:/VSCode/Component/ComponentPHP/Core/Kernel.php:83) | Shutting down (950355e3)
[2026-10-07 21:00:35:101989] (C:/VSCode/Component/ComponentPHP/App/Config/DatabaseConfig.php:26) | Pre boot database config
[2026-10-07 21:00:35:102305] (C:/VSCode/Component/ComponentPHP/Core/Kernel.php:46) | Booting kernel (7a099084)
[2026-10-07 21:00:35:103191] (C:/VSCode/Component/ComponentPHP/Core/Routing/Services/RoutingService.php:125) | Routing '/songs'
[2026-10-07 21:00:35:105086] (C:/VSCode/Component/ComponentPHP/Core/Kernel.php:83) | Shutting down (7a099084)
[2026-10-07 21:00:36:156991] (C:/VSCode/Component/ComponentPHP/App/Config/DatabaseConfig.php:26) | Pre boot database config
[2026-10-07 21:00:36:157303] (C:/VSCode/Component/ComponentPHP/Core/Kernel.php:46) | Booting kernel (fc1743c4)
[2026-10-07 21:00:36:158020] (C:/VSCode/Component/ComponentPHP/Core/Routing/Services/RoutingService.php:125) | Routing '/songs/upload'
[2026-10-07 21:00:36:159411] (C:/VSCode/Component/ComponentPHP/Core/Kernel.php:83) | Shutting down (fc1743c4)
[2026-10-07 21:00:39:829712] (C:/VSCode/Component/ComponentPHP/App/Config/DatabaseConfig.php:26) | Pre boot database config
[2026-10-07 21:00:39:830025] (C:/VSCode/Component/ComponentPHP/Core/Kernel.php:46) | Booting kernel (10cd3fa4)
[2026-10-07 21:00:39:830848] (C:/VSCode/Component/ComponentPHP/Core/Routing/Services/RoutingService.php:125) | Routing '/songs'
[2026-10-07 21:00:39:832653] (C:/VSCode/Component/ComponentPHP/Core/Kernel.php:83) | Shutting down (10cd3fa4)
[2026-10-07 21:00:44:467327] (C:/VSCode/Component/ComponentPHP/App/Config/DatabaseConfig.php:26) | Pre boot database config
[2026-10-07 21:00:44:467671] (C:/VSCode/Component/ComponentPHP/Core/Kernel.php:46) | Booting kernel (08d0d947)
[2026-10-07 21:00:44:468613] (C:/VSCode/Component/ComponentPHP/Core/Routing/Services/RoutingService.php:125) | Routing '/logout'
[2026-10-07 21:00:44:480597] (C:/VSCode/Component/ComponentPHP/Core/Kernel.php:83) | Shutting down (08d0d947)
[2026-10-07 21:00:44:491435] (C:/VSCode/Component/ComponentPHP/App/Config/DatabaseConfig.php:26) | Pre boot database config
[2026-10-07 21:00:44:491738] (C:/VSCode/Component/ComponentPHP/Core/Kernel.php:46) | Booting kernel (1f5c67e8)
[2026-10-07 21:00:44:492637] (C:/VSCode/Component/ComponentPHP/Core/Routing/Services/RoutingService.php:125) | Routing '/login'
[2026-10-07 21:00:44:493152] (C:/VSCode/Component/ComponentPHP/Core/Kernel.php:83) | Shutting down (1f5c67e8)
[2026-10-07 21:00:47:073278] (C:/VSCode/Component/ComponentPHP/App/Config/DatabaseConfig.php:26) | Pre boot database config
[2026-10-07 21:00:47:073615] (C:/VSCode/Component/ComponentPHP/Core/Kernel.php:46) | Booting kernel (c9d42baf)
[2026-10-07 21:00:47:074434] (C:/VSCode/Component/ComponentPHP/Core/Routing/Services/RoutingService.php:125) | Routing '/'
[2026-10-07 21:00:47:074706] (C:/VSCode/Component/ComponentPHP/Core/Kernel.php:83) | Shutting down (c9d42baf)
[2026-10-07 21:00:47:085244] (C:/VSCode/Component/ComponentPHP/App/Config/DatabaseConfig.php:26) | Pre boot database config
[2026-10-07 21:00:47:085567] (C:/VSCode/Component/ComponentPHP/Core/Kernel.php:46) | Booting kernel (6fa93244)
[2026-10-07 21:00:47:086373] (C:/VSCode/Component/ComponentPHP/Core/Routing/Services/RoutingService.php:125) | Routing '/login'
[2026-10-07 21:00:47:086951] (C:/VSCode/Component/ComponentPHP/Core/Kernel.php:83) | Shutting down (6fa93244)
[2026-10-07 21:00:52:226262] (C:/VSCode/Component/ComponentPHP/App/Config/DatabaseConfig.php:26) | Pre boot database config
[2026-10-07 21:00:52:226626] (C:/VSCode/Component/ComponentPHP/Core/Kernel.php:46) | Booting kernel (6c783aac)
[2026-10-07 21:00:52:227530] (C:/VSCode/Component/ComponentPHP/Core/Routing/Services/RoutingService.php:125) | Routing '/login'
[2026-10-07 21:00:52:416074] (C:/VSCode/Component/ComponentPHP/Core/Kernel.php:83) | Shutting down (6c783aac)
[2026-10-07 21:00:52:426102] (C:/VSCode/Component/ComponentPHP/App/Config/DatabaseConfig.php:26) | Pre boot database config
[2026-10-07 21:00:52:426394] (C:/VSCode/Component/ComponentPHP/Core/Kernel.php:46) | Booting kernel (ddb28e4e)
[2026-10-07 21:00:52:427136] (C:/VSCode/Component/ComponentPHP/Core/Routing/Services/RoutingService.php:125) | Routing '/'
[2026-10-07 21:00:52:428982] (C:/VSCode/Component/ComponentPHP/Core/Kernel.php:83) | Shutting down (ddb28e4e)
[2026-10-07 21:00:54:420778] (C:/VSCode/Component/ComponentPHP/App/Config/DatabaseConfig.php:26) | Pre boot database config
[2026-10-07 21:00:54:421061] (C:/VSCode/Component/ComponentPHP/Core/Kernel.php:46) | Booting kernel (e27187e8)
[2026-10-07 21:00:54:421717] (C:/VSCode/Component/ComponentPHP/Core/Routing/Services/RoutingService.php:125) | Routing '/songs'
[2026-10-07 21:00:54:423417] (C:/VSCode/Component/ComponentPHP/Core/Kernel.php:83) | Shutting down (e27187e8)
[2026-10-07 21:00:54:829489] (C:/VSCode/Component/ComponentPHP/App/Config/DatabaseConfig.php:26) | Pre boot database config
[2026-10-07 21:00:54:829806] (C:/VSCode/Component/ComponentPHP/Core/Kernel.php:46) | Booting kernel (f7187bdc)
[2026-10-07 21:00:54:830515] (C:/VSCode/Component/ComponentPHP/Core/Routing/Services/RoutingService.php:125) | Routing '/songs/1/play'
[2026-10-07 21:00:54:832197] (C:/VSCode/Component/ComponentPHP/Core/Kernel.php:83) | Shutting down (f7187bdc)
[2026-10-07 21:01:19:781218] (C:/VSCode/Component/ComponentPHP/App/Config/DatabaseConfig.php:26) | Pre boot database config
[2026-10-07 21:01:19:781591] (C:/VSCode/Component/ComponentPHP/Core/Kernel.php:46) | Booting kernel (32136e38)
[2026-10-07 21:01:19:782478] (C:/VSCode/Component/ComponentPHP/Core/Routing/Services/RoutingService.php:125) | Routing '/songs/1/delete'
[2026-10-07 21:01:19:800762] (C:/VSCode/Component/ComponentPHP/Core/Kernel.php:83) | Shutting down (32136e38)
[2026-10-07 21:01:24:372708] (C:/VSCode/Component/ComponentPHP/App/Config/DatabaseConfig.php:26) | Pre boot database config
[2026-10-07 21:01:24:373064] (C:/VSCode/Component/ComponentPHP/Core/Kernel.php:46) | Booting kernel (9c4fd360)
[2026-10-07 21:01:24:373924] (C:/VSCode/Component/ComponentPHP/Core/Routing/Services/RoutingService.php:125) | Routing '/'
[2026-10-07 21:01:24:375562] (C:/VSCode/Component/ComponentPHP/Core/Kernel.php:83) | Shutting down (9c4fd360)
[2026-10-07 21:04:26:892537] (C:/VSCode/Component/ComponentPHP/App/Config/DatabaseConfig.php:26) | Pre boot database config
[2026-10-07 21:04:26:893068] (C:/VSCode/Component/ComponentPHP/Core/Kernel.php:46) | Booting kernel (d32eef28)
[2026-10-07 21:04:26:894457] (C:/VSCode/Component/ComponentPHP/Core/Routing/Services/RoutingService.php:126) | Routing '/'
[2026-10-07 21:04:26:896653] (C:/VSCode/Component/ComponentPHP/Core/Kernel.php:83) | Shutting down (d32eef28)
[2026-10-07 21:04:28:036311] (C:/VSCode/Component/ComponentPHP/App/Config/DatabaseConfig.php:26) | Pre boot database config
[2026-10-07 21:04:28:036635] (C:/VSCode/Component/ComponentPHP/Core/Kernel.php:46) | Booting kernel (4a5f80f7)
[2026-10-07 21:04:28:037415] (C:/VSCode/Component/ComponentPHP/Core/Routing/Services/RoutingService.php:126) | Routing '/songs/test'
[2026-10-07 21:04:28:038946] (C:/VSCode/Component/ComponentPHP/Core/Kernel.php:83) | Shutting down (4a5f80f7)
[2026-10-07 21:05:54:132480] (C:/VSCode/Component/ComponentPHP/App/Config/DatabaseConfig.php:26) | Pre boot database config
[2026-10-07 21:05:54:132836] (C:/VSCode/Component/ComponentPHP/Core/Kernel.php:46) | Booting kernel (11c723cd)
[2026-10-07 21:05:54:133716] (C:/VSCode/Component/ComponentPHP/Core/Routing/Services/RoutingService.php:126) | Routing '/'
[2026-10-07 21:05:54:138883] (C:/VSCode/Component/ComponentPHP/Core/Kernel.php:83) | Shutting down (11c723cd)
[2026-10-07 21:05:54:172080] (C:/VSCode/Component/ComponentPHP/App/Config/DatabaseConfig.php:26) | Pre boot database config
[2026-10-07 21:05:54:172394] (C:/VSCode/Component/ComponentPHP/Core/Kernel.php:46) | Booting kernel (c195b52f)
[2026-10-07 21:05:54:173966] (C:/VSCode/Component/ComponentPHP/Core/Kernel.php:83) | Shutting down (c195b52f)
[2026-10-07 21:05:58:429666] (C:/VSCode/Component/ComponentPHP/App/Config/DatabaseConfig.php:26) | Pre boot database config
[2026-10-07 21:05:58:429983] (C:/VSCode/Component/ComponentPHP/Core/Kernel.php:46) | Booting kernel (54324b1c)
[2026-10-07 21:05:58:430967] (C:/VSCode/Component/ComponentPHP/Core/Routing/Services/RoutingService.php:126) | Routing '/songs/test'
[2026-10-07 21:05:58:432702] (C:/VSCode/Component/ComponentPHP/Core/Kernel.php:83) | Shutting down (54324b1c)
[2026-10-07 21:05:58:456835] (C:/VSCode/Component/ComponentPHP/App/Config/DatabaseConfig.php:26) | Pre boot database config
[2026-10-07 21:05:58:457139] (C:/VSCode/Component/ComponentPHP/Core/Kernel.php:46) | Booting kernel (60458931)
[2026-10-07 21:05:58:458645] (C:/VSCode/Component/ComponentPHP/Core/Kernel.php:83) | Shutting down (60458931)
[2026-10-07 21:10:34:906732] (C:/VSCode/Component/ComponentPHP/App/Config/DatabaseConfig.php:26) | Pre boot database config
[2026-10-07 21:10:34:907294] (C:/VSCode/Component/ComponentPHP/Core/Kernel.php:46) | Booting kernel (f5e0c98d)
[2026-10-07 21:10:34:908732] (C:/VSCode/Component/ComponentPHP/Core/Routing/Services/RoutingService.php:127) | Routing '/songs/upload'
[2026-10-07 21:10:34:910463] (C:/VSCode/Component/ComponentPHP/Core/Kernel.php:83) | Shutting down (f5e0c98d)
[2026-10-07 21:10:34:920526] (C:/VSCode/Component/ComponentPHP/App/Config/DatabaseConfig.php:26) | Pre boot database config
[2026-10-07 21:10:34:920927] (C:/VSCode/Component/ComponentPHP/Core/Kernel.php:46) | Booting kernel (b2ed1cc0)
[2026-10-07 21:10:34:921955] (C:/VSCode/Component/ComponentPHP/Core/Routing/Services/RoutingService.php:127) | Routing '/'
[2026-10-07 21:10:34:923866] (C:/VSCode/Component/ComponentPHP/Core/Kernel.php:83) | Shutting down (b2ed1cc0)
[2026-10-07 21:10:34:998959] (C:/VSCode/Component/ComponentPHP/App/Config/DatabaseConfig.php:26) | Pre boot database config
[2026-10-07 21:10:34:999319] (C:/VSCode/Component/ComponentPHP/Core/Kernel.php:46) | Booting kernel (7e98bbd2)
[2026-10-07 21:10:35:001154] (C:/VSCode/Component/ComponentPHP/Core/Kernel.php:83) | Shutting down (7e98bbd2)
[2026-10-07 21:10:37:717865] (C:/VSCode/Component/ComponentPHP/App/Config/DatabaseConfig.php:26) | Pre boot database config
[2026-10-07 21:10:37:718230] (C:/VSCode/Component/ComponentPHP/Core/Kernel.php:46) | Booting kernel (59ce86e5)
[2026-10-07 21:10:37:719221] (C:/VSCode/Component/ComponentPHP/Core/Routing/Services/RoutingService.php:127) | Routing '/songs/upload'
[2026-10-07 21:10:37:721077] (C:/VSCode/Component/ComponentPHP/Core/Kernel.php:83) | Shutting down (59ce86e5)
[2026-10-07 21:10:41:797297] (C:/VSCode/Component/ComponentPHP/App/Config/DatabaseConfig.php:26) | Pre boot database config
[2026-10-07 21:10:41:797686] (C:/VSCode/Component/ComponentPHP/Core/Kernel.php:46) | Booting kernel (18f1b8cf)
[2026-10-07 21:10:41:798693] (C:/VSCode/Component/ComponentPHP/Core/Routing/Services/RoutingService.php:127) | Routing '/songs'
[2026-10-07 21:10:41:800494] (C:/VSCode/Component/ComponentPHP/Core/Kernel.php:83) | Shutting down (18f1b8cf)
[2026-10-07 21:10:45:205234] (C:/VSCode/Component/ComponentPHP/App/Config/DatabaseConfig.php:26) | Pre boot database config
[2026-10-07 21:10:45:205606] (C:/VSCode/Component/ComponentPHP/Core/Kernel.php:46) | Booting kernel (7ff80062)
[2026-10-07 21:10:45:206560] (C:/VSCode/Component/ComponentPHP/Core/Routing/Services/RoutingService.php:127) | Routing '/songs'
[2026-10-07 21:10:45:208338] (C:/VSCode/Component/ComponentPHP/Core/Kernel.php:83) | Shutting down (7ff80062)
[2026-10-07 21:10:55:876775] (C:/VSCode/Component/ComponentPHP/App/Config/DatabaseConfig.php:26) | Pre boot database config
[2026-10-07 21:10:55:877094] (C:/VSCode/Component/ComponentPHP/Core/Kernel.php:46) | Booting kernel (66eab9b2)
[2026-10-07 21:10:55:877969] (C:/VSCode/Component/ComponentPHP/Core/Routing/Services/RoutingService.php:127) | Routing '/songs/upload'
[2026-10-07 21:10:55:879634] (C:/VSCode/Component/ComponentPHP/Core/Kernel.php:83) | Shutting down (66eab9b2)
[2026-10-07 21:11:10:188198] (C:/VSCode/Component/ComponentPHP/App/Config/DatabaseConfig.php:26) | Pre boot database config
[2026-10-07 21:11:10:188605] (C:/VSCode/Component/ComponentPHP/Core/Kernel.php:46) | Booting kernel (71710250)
[2026-10-07 21:11:10:189499] (C:/VSCode/Component/ComponentPHP/Core/Routing/Services/RoutingService.php:127) | Routing '/songs/upload'
[2026-10-07 21:11:10:190383] (C:/VSCode/Component/ComponentPHP/Core/Kernel.php:83) | Shutting down (71710250)
[2026-10-07 21:11:10:200735] (C:/VSCode/Component/ComponentPHP/App/Config/DatabaseConfig.php:26) | Pre boot database config
[2026-10-07 21:11:10:201000] (C:/VSCode/Component/ComponentPHP/Core/Kernel.php:46) | Booting kernel (e3954a3b)
[2026-10-07 21:11:10:201825] (C:/VSCode/Component/ComponentPHP/Core/Routing/Services/RoutingService.php:127) | Routing '/'
[2026-10-07 21:11:10:203550] (C:/VSCode/Component/ComponentPHP/Core/Kernel.php:83) | Shutting down (e3954a3b)
[2026-10-07 21:11:11:771849] (C:/VSCode/Component/ComponentPHP/App/Config/DatabaseConfig.php:26) | Pre boot database config
[2026-10-07 21:11:11:772179] (C:/VSCode/Component/ComponentPHP/Core/Kernel.php:46) | Booting kernel (f10f5c6a)
[2026-10-07 21:11:11:772920] (C:/VSCode/Component/ComponentPHP/Core/Routing/Services/RoutingService.php:127) | Routing '/songs'
[2026-10-07 21:11:11:774580] (C:/VSCode/Component/ComponentPHP/Core/Kernel.php:83) | Shutting down (f10f5c6a)
[2026-10-07 21:13:45:442476] (C:/VSCode/Component/ComponentPHP/App/Config/DatabaseConfig.php:26) | Pre boot database config
[2026-10-07 21:13:45:443039] (C:/VSCode/Component/ComponentPHP/Core/Kernel.php:46) | Booting kernel (961cb3ae)
[2026-10-07 21:13:45:444352] (C:/VSCode/Component/ComponentPHP/Core/Routing/Services/RoutingService.php:127) | Routing '/songs'
[2026-10-07 21:13:45:446191] (C:/VSCode/Component/ComponentPHP/Core/Kernel.php:83) | Shutting down (961cb3ae)
[2026-10-07 21:13:45:456701] (C:/VSCode/Component/ComponentPHP/App/Config/DatabaseConfig.php:26) | Pre boot database config
[2026-10-07 21:13:45:457044] (C:/VSCode/Component/ComponentPHP/Core/Kernel.php:46) | Booting kernel (81fcfb3b)
[2026-10-07 21:13:45:458138] (C:/VSCode/Component/ComponentPHP/Core/Routing/Services/RoutingService.php:127) | Routing '/'
[2026-10-07 21:13:45:460891] (C:/VSCode/Component/ComponentPHP/Core/Kernel.php:83) | Shutting down (81fcfb3b)
[2026-10-07 21:14:07:591378] (C:/VSCode/Component/ComponentPHP/App/Config/DatabaseConfig.php:26) | Pre boot database config
[2026-10-07 21:14:07:591744] (C:/VSCode/Component/ComponentPHP/Core/Kernel.php:46) | Booting kernel (297645c6)
[2026-10-07 21:14:07:592598] (C:/VSCode/Component/ComponentPHP/Core/Routing/Services/RoutingService.php:127) | Routing '/'
[2026-10-07 21:14:07:594298] (C:/VSCode/Component/ComponentPHP/Core/Kernel.php:83) | Shutting down (297645c6)
[2026-10-07 21:14:32:006172] (C:/VSCode/Component/ComponentPHP/App/Config/DatabaseConfig.php:26) | Pre boot database config
[2026-10-07 21:14:32:006508] (C:/VSCode/Component/ComponentPHP/Core/Kernel.php:46) | Booting kernel (4da043ac)
[2026-10-07 21:14:32:007410] (C:/VSCode/Component/ComponentPHP/Core/Routing/Services/RoutingService.php:127) | Routing '/songs'
[2026-10-07 21:14:32:008752] (C:/VSCode/Component/ComponentPHP/Core/Kernel.php:83) | Shutting down (4da043ac)
[2026-10-07 21:14:32:021445] (C:/VSCode/Component/ComponentPHP/App/Config/DatabaseConfig.php:26) | Pre boot database config
[2026-10-07 21:14:32:021784] (C:/VSCode/Component/ComponentPHP/Core/Kernel.php:46) | Booting kernel (fd5db7e4)
[2026-10-07 21:14:32:022750] (C:/VSCode/Component/ComponentPHP/Core/Routing/Services/RoutingService.php:127) | Routing '/'
[2026-10-07 21:14:32:024334] (C:/VSCode/Component/ComponentPHP/Core/Kernel.php:83) | Shutting down (fd5db7e4)
[2026-10-07 21:14:32:071089] (C:/VSCode/Component/ComponentPHP/App/Config/DatabaseConfig.php:26) | Pre boot database config
[2026-10-07 21:14:32:071401] (C:/VSCode/Component/ComponentPHP/Core/Kernel.php:46) | Booting kernel (0645e820)
[2026-10-07 21:14:32:073381] (C:/VSCode/Component/ComponentPHP/Core/Kernel.php:83) | Shutting down (0645e820)
[2026-10-07 21:22:26:913155] (C:/VSCode/Component/ComponentPHP/App/Config/DatabaseConfig.php:26) | Pre boot database config
[2026-10-07 21:22:26:913756] (C:/VSCode/Component/ComponentPHP/Core/Kernel.php:46) | Booting kernel (51922d35)
[2026-10-07 21:22:26:915324] (C:/VSCode/Component/ComponentPHP/Core/Routing/Services/RoutingService.php:127) | Routing '/'
[2026-10-07 21:22:26:917736] (C:/VSCode/Component/ComponentPHP/Core/Kernel.php:83) | Shutting down (51922d35)
[2026-10-07 21:22:26:975895] (C:/VSCode/Component/ComponentPHP/App/Config/DatabaseConfig.php:26) | Pre boot database config
[2026-10-07 21:22:26:976231] (C:/VSCode/Component/ComponentPHP/Core/Kernel.php:46) | Booting kernel (8086e971)
[2026-10-07 21:22:26:977857] (C:/VSCode/Component/ComponentPHP/Core/Kernel.php:83) | Shutting down (8086e971)
[2026-10-07 21:22:29:867498] (C:/VSCode/Component/ComponentPHP/App/Config/DatabaseConfig.php:26) | Pre boot database config
[2026-10-07 21:22:29:867838] (C:/VSCode/Component/ComponentPHP/Core/Kernel.php:46) | Booting kernel (1f6ca0a5)
[2026-10-07 21:22:29:868735] (C:/VSCode/Component/ComponentPHP/Core/Routing/Services/RoutingService.php:127) | Routing '/songs/upload'
[2026-10-07 21:22:29:870482] (C:/VSCode/Component/ComponentPHP/Core/Kernel.php:83) | Shutting down (1f6ca0a5)
[2026-10-07 21:22:33:029326] (C:/VSCode/Component/ComponentPHP/App/Config/DatabaseConfig.php:26) | Pre boot database config
[2026-10-07 21:22:33:029663] (C:/VSCode/Component/ComponentPHP/Core/Kernel.php:46) | Booting kernel (a5aa133d)
[2026-10-07 21:22:33:030509] (C:/VSCode/Component/ComponentPHP/Core/Routing/Services/RoutingService.php:127) | Routing '/'
[2026-10-07 21:22:33:032127] (C:/VSCode/Component/ComponentPHP/Core/Kernel.php:83) | Shutting down (a5aa133d)
[2026-10-07 21:22:38:212248] (C:/VSCode/Component/ComponentPHP/App/Config/DatabaseConfig.php:26) | Pre boot database config
[2026-10-07 21:22:38:212568] (C:/VSCode/Component/ComponentPHP/Core/Kernel.php:46) | Booting kernel (8f953b4a)
[2026-10-07 21:22:38:213458] (C:/VSCode/Component/ComponentPHP/Core/Routing/Services/RoutingService.php:127) | Routing '/songs/upload'
[2026-10-07 21:22:38:220292] (C:/VSCode/Component/ComponentPHP/Core/Kernel.php:83) | Shutting down (8f953b4a)
[2026-10-07 21:22:38:229219] (C:/VSCode/Component/ComponentPHP/App/Config/DatabaseConfig.php:26) | Pre boot database config
[2026-10-07 21:22:38:229542] (C:/VSCode/Component/ComponentPHP/Core/Kernel.php:46) | Booting kernel (51b33e98)
[2026-10-07 21:22:38:230392] (C:/VSCode/Component/ComponentPHP/Core/Routing/Services/RoutingService.php:127) | Routing '/'
[2026-10-07 21:22:38:231906] (C:/VSCode/Component/ComponentPHP/Core/Kernel.php:83) | Shutting down (51b33e98)
[2026-10-07 21:22:59:140464] (C:/VSCode/Component/ComponentPHP/App/Config/DatabaseConfig.php:26) | Pre boot database config
[2026-10-07 21:22:59:140805] (C:/VSCode/Component/ComponentPHP/Core/Kernel.php:46) | Booting kernel (b1e6ccbf)
[2026-10-07 21:22:59:141759] (C:/VSCode/Component/ComponentPHP/Core/Routing/Services/RoutingService.php:127) | Routing '/'
[2026-10-07 21:22:59:143663] (C:/VSCode/Component/ComponentPHP/Core/Kernel.php:83) | Shutting down (b1e6ccbf)
[2026-10-07 21:23:04:776756] (C:/VSCode/Component/ComponentPHP/App/Config/DatabaseConfig.php:26) | Pre boot database config
[2026-10-07 21:23:04:777076] (C:/VSCode/Component/ComponentPHP/Core/Kernel.php:46) | Booting kernel (7a34363a)
[2026-10-07 21:23:04:777931] (C:/VSCode/Component/ComponentPHP/Core/Routing/Services/RoutingService.php:127) | Routing '/songs/upload'
[2026-10-07 21:23:04:779632] (C:/VSCode/Component/ComponentPHP/Core/Kernel.php:83) | Shutting down (7a34363a)
[2026-10-07 21:23:04:791361] (C:/VSCode/Component/ComponentPHP/App/Config/DatabaseConfig.php:26) | Pre boot database config
[2026-10-07 21:23:04:791638] (C:/VSCode/Component/ComponentPHP/Core/Kernel.php:46) | Booting kernel (5632cb53)
[2026-10-07 21:23:04:792522] (C:/VSCode/Component/ComponentPHP/Core/Routing/Services/RoutingService.php:127) | Routing '/'
[2026-10-07 21:23:04:793969] (C:/VSCode/Component/ComponentPHP/Core/Kernel.php:83) | Shutting down (5632cb53)
[2026-10-07 21:23:07:876088] (C:/VSCode/Component/ComponentPHP/App/Config/DatabaseConfig.php:26) | Pre boot database config
[2026-10-07 21:23:07:876449] (C:/VSCode/Component/ComponentPHP/Core/Kernel.php:46) | Booting kernel (f1184f41)
[2026-10-07 21:23:07:877383] (C:/VSCode/Component/ComponentPHP/Core/Routing/Services/RoutingService.php:127) | Routing '/songs'
[2026-10-07 21:23:07:879504] (C:/VSCode/Component/ComponentPHP/Core/Kernel.php:83) | Shutting down (f1184f41)
[2026-10-07 21:23:10:027308] (C:/VSCode/Component/ComponentPHP/App/Config/DatabaseConfig.php:26) | Pre boot database config
[2026-10-07 21:23:10:027657] (C:/VSCode/Component/ComponentPHP/Core/Kernel.php:46) | Booting kernel (3b9d393b)
[2026-10-07 21:23:10:028635] (C:/VSCode/Component/ComponentPHP/Core/Routing/Services/RoutingService.php:127) | Routing '/'
[2026-10-07 21:23:10:030377] (C:/VSCode/Component/ComponentPHP/Core/Kernel.php:83) | Shutting down (3b9d393b)
[2026-10-07 21:24:12:373383] (C:/VSCode/Component/ComponentPHP/App/Config/DatabaseConfig.php:26) | Pre boot database config
[2026-10-07 21:24:12:373744] (C:/VSCode/Component/ComponentPHP/Core/Kernel.php:46) | Booting kernel (8dbb5fb2)
[2026-10-07 21:24:12:374867] (C:/VSCode/Component/ComponentPHP/Core/Routing/Services/RoutingService.php:127) | Routing '/'
[2026-10-07 21:24:12:376485] (C:/VSCode/Component/ComponentPHP/Core/Kernel.php:83) | Shutting down (8dbb5fb2)
[2026-10-07 21:24:12:417995] (C:/VSCode/Component/ComponentPHP/App/Config/DatabaseConfig.php:26) | Pre boot database config
[2026-10-07 21:24:12:418297] (C:/VSCode/Component/ComponentPHP/Core/Kernel.php:46) | Booting kernel (a79f7827)
[2026-10-07 21:24:12:419845] (C:/VSCode/Component/ComponentPHP/Core/Kernel.php:83) | Shutting down (a79f7827)
[2026-10-07 21:24:13:001474] (C:/VSCode/Component/ComponentPHP/App/Config/DatabaseConfig.php:26) | Pre boot database config
[2026-10-07 21:24:13:001753] (C:/VSCode/Component/ComponentPHP/Core/Kernel.php:46) | Booting kernel (952f838c)
[2026-10-07 21:24:13:002470] (C:/VSCode/Component/ComponentPHP/Core/Routing/Services/RoutingService.php:127) | Routing '/'
[2026-10-07 21:24:13:003879] (C:/VSCode/Component/ComponentPHP/Core/Kernel.php:83) | Shutting down (952f838c)
[2026-10-07 21:24:19:102091] (C:/VSCode/Component/ComponentPHP/App/Config/DatabaseConfig.php:26) | Pre boot database config
[2026-10-07 21:24:19:102449] (C:/VSCode/Component/ComponentPHP/Core/Kernel.php:46) | Booting kernel (75492d73)
[2026-10-07 21:24:19:103411] (C:/VSCode/Component/ComponentPHP/Core/Routing/Services/RoutingService.php:127) | Routing '/songs/upload'
[2026-10-07 21:24:19:105053] (C:/VSCode/Component/ComponentPHP/Core/Kernel.php:83) | Shutting down (75492d73)
[2026-10-07 21:24:19:117319] (C:/VSCode/Component/ComponentPHP/App/Config/DatabaseConfig.php:26) | Pre boot database config
[2026-10-07 21:24:19:117623] (C:/VSCode/Component/ComponentPHP/Core/Kernel.php:46) | Booting kernel (b61de513)
[2026-10-07 21:24:19:118370] (C:/VSCode/Component/ComponentPHP/Core/Routing/Services/RoutingService.php:127) | Routing '/'
[2026-10-07 21:24:19:119822] (C:/VSCode/Component/ComponentPHP/Core/Kernel.php:83) | Shutting down (b61de513)
[2026-10-07 21:24:22:659906] (C:/VSCode/Component/ComponentPHP/App/Config/DatabaseConfig.php:26) | Pre boot database config
[2026-10-07 21:24:22:660267] (C:/VSCode/Component/ComponentPHP/Core/Kernel.php:46) | Booting kernel (05a1f014)
[2026-10-07 21:24:22:661231] (C:/VSCode/Component/ComponentPHP/Core/Routing/Services/RoutingService.php:127) | Routing '/songs'
[2026-10-07 21:24:22:663064] (C:/VSCode/Component/ComponentPHP/Core/Kernel.php:83) | Shutting down (05a1f014)
[2026-10-07 21:24:23:554456] (C:/VSCode/Component/ComponentPHP/App/Config/DatabaseConfig.php:26) | Pre boot database config
[2026-10-07 21:24:23:554782] (C:/VSCode/Component/ComponentPHP/Core/Kernel.php:46) | Booting kernel (8c76233e)
[2026-10-07 21:24:23:555564] (C:/VSCode/Component/ComponentPHP/Core/Routing/Services/RoutingService.php:127) | Routing '/songs/upload'
[2026-10-07 21:24:23:556984] (C:/VSCode/Component/ComponentPHP/Core/Kernel.php:83) | Shutting down (8c76233e)
[2026-10-07 21:25:04:166834] (C:/VSCode/Component/ComponentPHP/App/Config/DatabaseConfig.php:26) | Pre boot database config
[2026-10-07 21:25:04:167354] (C:/VSCode/Component/ComponentPHP/Core/Kernel.php:46) | Booting kernel (819147c3)
[2026-10-07 21:25:04:168705] (C:/VSCode/Component/ComponentPHP/Core/Routing/Services/RoutingService.php:127) | Routing '/songs/upload'
[2026-10-07 21:25:04:171792] (C:/VSCode/Component/ComponentPHP/Core/Kernel.php:83) | Shutting down (819147c3)
[2026-10-07 21:26:20:663454] (C:/VSCode/Component/ComponentPHP/App/Config/DatabaseConfig.php:26) | Pre boot database config
[2026-10-07 21:26:20:663836] (C:/VSCode/Component/ComponentPHP/Core/Kernel.php:46) | Booting kernel (f4eb9dcc)
[2026-10-07 21:26:20:664795] (C:/VSCode/Component/ComponentPHP/Core/Routing/Services/RoutingService.php:127) | Routing '/'
[2026-10-07 21:26:20:667363] (C:/VSCode/Component/ComponentPHP/Core/Kernel.php:83) | Shutting down (f4eb9dcc)
[2026-10-07 21:26:20:727523] (C:/VSCode/Component/ComponentPHP/App/Config/DatabaseConfig.php:26) | Pre boot database config
[2026-10-07 21:26:20:727834] (C:/VSCode/Component/ComponentPHP/Core/Kernel.php:46) | Booting kernel (80e4d7df)
[2026-10-07 21:26:20:729382] (C:/VSCode/Component/ComponentPHP/Core/Kernel.php:83) | Shutting down (80e4d7df)
[2026-10-07 21:26:21:746438] (C:/VSCode/Component/ComponentPHP/App/Config/DatabaseConfig.php:26) | Pre boot database config
[2026-10-07 21:26:21:746731] (C:/VSCode/Component/ComponentPHP/Core/Kernel.php:46) | Booting kernel (b142199a)
[2026-10-07 21:26:21:747514] (C:/VSCode/Component/ComponentPHP/Core/Routing/Services/RoutingService.php:127) | Routing '/songs/upload'
[2026-10-07 21:26:21:749002] (C:/VSCode/Component/ComponentPHP/Core/Kernel.php:83) | Shutting down (b142199a)
[2026-10-07 21:26:22:210806] (C:/VSCode/Component/ComponentPHP/App/Config/DatabaseConfig.php:26) | Pre boot database config
[2026-10-07 21:26:22:211084] (C:/VSCode/Component/ComponentPHP/Core/Kernel.php:46) | Booting kernel (d826f6a0)
[2026-10-07 21:26:22:211784] (C:/VSCode/Component/ComponentPHP/Core/Routing/Services/RoutingService.php:127) | Routing '/songs/upload'
[2026-10-07 21:26:22:213129] (C:/VSCode/Component/ComponentPHP/Core/Kernel.php:83) | Shutting down (d826f6a0)
[2026-10-07 21:26:32:066215] (C:/VSCode/Component/ComponentPHP/App/Config/DatabaseConfig.php:26) | Pre boot database config
[2026-10-07 21:26:32:066549] (C:/VSCode/Component/ComponentPHP/Core/Kernel.php:46) | Booting kernel (13afc485)
[2026-10-07 21:26:32:067417] (C:/VSCode/Component/ComponentPHP/Core/Routing/Services/RoutingService.php:127) | Routing '/songs/upload'
[2026-10-07 21:26:32:075184] (C:/VSCode/Component/ComponentPHP/App/Services/MusicService.php:93) | Uploading song to from 'C:\Users\samvj\AppData\Local\Temp\php5A7E.tmp' 'C:/VSCode/Component/ComponentPHP/Public/Assets/Music/a8f5f167f44f4964e6c998dee827110c.mp3'
[2026-10-07 21:26:32:091351] (C:/VSCode/Component/ComponentPHP/Core/Kernel.php:83) | Shutting down (13afc485)
[2026-10-07 21:26:32:101677] (C:/VSCode/Component/ComponentPHP/App/Config/DatabaseConfig.php:26) | Pre boot database config
[2026-10-07 21:26:32:101984] (C:/VSCode/Component/ComponentPHP/Core/Kernel.php:46) | Booting kernel (6aa9a0c7)
[2026-10-07 21:26:32:102725] (C:/VSCode/Component/ComponentPHP/Core/Routing/Services/RoutingService.php:127) | Routing '/'
[2026-10-07 21:26:32:104186] (C:/VSCode/Component/ComponentPHP/Core/Kernel.php:83) | Shutting down (6aa9a0c7)
[2026-10-07 21:26:43:661018] (C:/VSCode/Component/ComponentPHP/App/Config/DatabaseConfig.php:26) | Pre boot database config
[2026-10-07 21:26:43:661349] (C:/VSCode/Component/ComponentPHP/Core/Kernel.php:46) | Booting kernel (62c31ce3)
[2026-10-07 21:26:43:662278] (C:/VSCode/Component/ComponentPHP/Core/Routing/Services/RoutingService.php:127) | Routing '/songs/upload'
[2026-10-07 21:26:43:675545] (C:/VSCode/Component/ComponentPHP/Core/Kernel.php:83) | Shutting down (62c31ce3)
[2026-10-07 21:26:43:687772] (C:/VSCode/Component/ComponentPHP/App/Config/DatabaseConfig.php:26) | Pre boot database config
[2026-10-07 21:26:43:688093] (C:/VSCode/Component/ComponentPHP/Core/Kernel.php:46) | Booting kernel (eb52e3bd)
[2026-10-07 21:26:43:688858] (C:/VSCode/Component/ComponentPHP/Core/Routing/Services/RoutingService.php:127) | Routing '/'
[2026-10-07 21:26:43:690275] (C:/VSCode/Component/ComponentPHP/Core/Kernel.php:83) | Shutting down (eb52e3bd)
[2026-10-07 21:26:46:698543] (C:/VSCode/Component/ComponentPHP/App/Config/DatabaseConfig.php:26) | Pre boot database config
[2026-10-07 21:26:46:698894] (C:/VSCode/Component/ComponentPHP/Core/Kernel.php:46) | Booting kernel (f0b33fd4)
[2026-10-07 21:26:46:699774] (C:/VSCode/Component/ComponentPHP/Core/Routing/Services/RoutingService.php:127) | Routing '/'
[2026-10-07 21:26:46:701361] (C:/VSCode/Component/ComponentPHP/Core/Kernel.php:83) | Shutting down (f0b33fd4)
[2026-10-07 21:26:47:978241] (C:/VSCode/Component/ComponentPHP/App/Config/DatabaseConfig.php:26) | Pre boot database config
[2026-10-07 21:26:47:978536] (C:/VSCode/Component/ComponentPHP/Core/Kernel.php:46) | Booting kernel (e3b3f0e0)
[2026-10-07 21:26:47:979317] (C:/VSCode/Component/ComponentPHP/Core/Routing/Services/RoutingService.php:127) | Routing '/songs'
[2026-10-07 21:26:47:981153] (C:/VSCode/Component/ComponentPHP/Core/Kernel.php:83) | Shutting down (e3b3f0e0)
[2026-10-07 21:26:50:146575] (C:/VSCode/Component/ComponentPHP/App/Config/DatabaseConfig.php:26) | Pre boot database config
[2026-10-07 21:26:50:146893] (C:/VSCode/Component/ComponentPHP/Core/Kernel.php:46) | Booting kernel (890a595b)
[2026-10-07 21:26:50:147730] (C:/VSCode/Component/ComponentPHP/Core/Routing/Services/RoutingService.php:127) | Routing '/songs/1/play'
[2026-10-07 21:26:50:149588] (C:/VSCode/Component/ComponentPHP/Core/Kernel.php:83) | Shutting down (890a595b)
[2026-10-07 21:26:55:115683] (C:/VSCode/Component/ComponentPHP/App/Config/DatabaseConfig.php:26) | Pre boot database config
[2026-10-07 21:26:55:116050] (C:/VSCode/Component/ComponentPHP/Core/Kernel.php:46) | Booting kernel (ab7f79bf)
[2026-10-07 21:26:55:116963] (C:/VSCode/Component/ComponentPHP/Core/Routing/Services/RoutingService.php:127) | Routing '/songs/test'
[2026-10-07 21:26:55:118554] (C:/VSCode/Component/ComponentPHP/Core/Kernel.php:83) | Shutting down (ab7f79bf)
[2026-10-07 21:26:56:346305] (C:/VSCode/Component/ComponentPHP/App/Config/DatabaseConfig.php:26) | Pre boot database config
[2026-10-07 21:26:56:346611] (C:/VSCode/Component/ComponentPHP/Core/Kernel.php:46) | Booting kernel (619ddd6c)
[2026-10-07 21:26:56:347325] (C:/VSCode/Component/ComponentPHP/Core/Routing/Services/RoutingService.php:127) | Routing '/songs/upload'
[2026-10-07 21:26:56:348780] (C:/VSCode/Component/ComponentPHP/Core/Kernel.php:83) | Shutting down (619ddd6c)
